src/components/viewers/PptViewer.tsx(23,3): error TS6133: 'title' is declared but its value is never read.
src/components/viewers/SlideRenderer.tsx(9,3): error TS6196: 'TextBodyProps' is declared but never used.
src/components/viewers/SlideRenderer.tsx(202,3): error TS6133: 'position' is declared but its value is never read.
src/components/viewers/SlideRenderer.tsx(204,3): error TS6133: 'slideHeight' is declared but its value is never read.
src/hooks/useContentAutoSave.ts(50,17): error TS6133: 'blob' is declared but its value is never read.
src/lib/pptx-parser.ts(175,10): error TS6133: 'qn' is declared but its value is never read.
src/lib/pptx-parser.ts(278,11): error TS6133: 'a' is declared but its value is never read.
src/lib/pptx-parser.ts(1268,9): error TS6133: 'lstStyle' is declared but its value is never read.
src/pages/classes/ClassTable.tsx(3,20): error TS6133: 'useMemo' is declared but its value is never read.
src/pages/course/CourseTable.tsx(21,63): error TS6133: 'Calendar' is declared but its value is never read.
src/pages/curriculum/AllChaptersTable.tsx(39,18): error TS6133: 'setPage' is declared but its value is never read.
src/pages/curriculum/ChapterFormDialog.tsx(38,5): error TS6133: 'setValue' is declared but its value is never read.
src/pages/curriculum/ChapterFormDialog.tsx(39,5): error TS6133: 'watch' is declared but its value is never read.
src/pages/institutions/InstitutionCurriculumAccess.tsx(11,34): error TS6133: 'Save' is declared but its value is never read.
src/pages/institutions/InstitutionDashboard.tsx(5,114): error TS6133: 'Activity' is declared but its value is never read.
src/pages/institutions/InstitutionDashboard.tsx(17,65): error TS6133: 'onTabChange' is declared but its value is never read.
src/pages/institutions/InstitutionDashboard.tsx(197,67): error TS6133: 'shadowColor' is declared but its value is never read.
src/pages/institutions/InstitutionDashboard.tsx(239,10): error TS6133: 'ActionCard' is declared but its value is never read.
src/pages/settings/SettingsPage.tsx(26,3): error TS6133: 'Users' is declared but its value is never read.
src/pages/staff/ContentViewer.tsx(91,3): error TS6133: 'onProgressUpdate' is declared but its value is never read.
src/pages/staff/StaffFormDialog.tsx(13,32): error TS6133: 'KeyRound' is declared but its value is never read.
src/routes/courses/index.tsx(10,16): error TS2322: Type '{ institutionId: string; institutionName: string; }' is not assignable to type 'IntrinsicAttributes & Props'.
  Property 'institutionId' does not exist on type 'IntrinsicAttributes & Props'.
